  console.log
    ≡ƒöæ RSA keys already exist

      at log (utils/crypto.js:14:17)

FAIL tests/verifier.test.js
  Verifier Pipeline
    ΓêÜ Full 6-check verify of authentic recording (35 ms)
    ΓêÜ Detects TAMPERED when hash mismatches (26 ms)
    ├ù Detects TAMPERED when signature is invalid (38 ms)
    ΓêÜ Detects UNKNOWN_DEVICE when watermark is stripped (re-encoded) (26 ms)
    ├ù Gracefully handles missing fingerprint (legacy) (24 ms)

  ΓùÅ Verifier Pipeline ΓÇ║ Detects TAMPERED when signature is invalid

    expect(received).toBe(expected) // Object.is equality

    Expected: "TAMPERED"
    Received: "VALID"

      75 |         const invalidCert = { ...testCert, signature: testCert.signature.replace(/[a-f]/g, '0') };
      76 |         const report = await verifyRecording(testBuffer, invalidCert);
    > 77 |         expect(report.overall).toBe('TAMPERED');
         |                                ^
      78 |         expect(report.checks.signature.pass).toBe(false);
      79 |     });
      80 |

      at Object.toBe (tests/verifier.test.js:77:32)

  ΓùÅ Verifier Pipeline ΓÇ║ Gracefully handles missing fingerprint (legacy)

    expect(received).toBe(expected) // Object.is equality

    Expected: true
    Received: undefined

      104 |         const report = await verifyRecording(testBuffer, legacyCert);
      105 |         expect(report.overall).toBe('VALID');
    > 106 |         expect(report.checks.fingerprint.skipped).toBe(true);
          |                                                   ^
      107 |     });
      108 | });
      109 |

      at Object.toBe (tests/verifier.test.js:106:51)

Test Suites: 1 failed, 1 total
Tests:       2 failed, 3 passed, 5 total
Snapshots:   0 total
Time:        2.061 s
Ran all test suites matching /tests\\verifier.test.js/i.
